D:/GitHub/den4ik_deeplom/den4ik_deeplom/CMSIS/Include/core_cm3.h:1511:22:__NVIC_EnableIRQ	16	static
D:/GitHub/den4ik_deeplom/den4ik_deeplom/CMSIS/Include/core_cm3.h:1639:22:__NVIC_SetPriority	16	static
../Src/main.c:9:6:initClk	4	static
../Src/main.c:39:6:setTIM3_period	16	static
../Src/main.c:45:6:initUSART2	8	static
../Src/main.c:74:6:txStr	32	static
../Src/main.c:85:6:initTIM3_PWM	8	static
../Src/main.c:108:6:closeWindow	4	static
../Src/main.c:114:6:openWindow	4	static
../Src/main.c:120:6:stopWindow	4	static
../Src/main.c:126:6:ExecuteCommand	24	static
../Src/main.c:184:6:initGPIO	8	static
../Src/main.c:245:5:main	8	static
../Src/main.c:264:6:EXTI15_10_IRQHandler	8	static
../Src/main.c:303:6:USART2_IRQHandler	16	static
../Src/main.c:319:6:TIM3_IRQHandler	4	static
