C:/study/den4ik_deeplom/den4ik_deeplom/CMSIS/Include/core_cm3.h:1511:22:__NVIC_EnableIRQ	16	static
C:/study/den4ik_deeplom/den4ik_deeplom/CMSIS/Include/core_cm3.h:1639:22:__NVIC_SetPriority	16	static
../Src/main.c:18:6:initClk	4	static
../Src/main.c:48:6:setTIM3_period	16	static
../Src/main.c:54:6:initUSART1	8	static
../Src/main.c:85:6:txStr	32	static
../Src/main.c:96:6:initTIM3_PWM	8	static
../Src/main.c:119:6:closeWindow	4	static
../Src/main.c:129:6:openWindow	4	static
../Src/main.c:139:6:stopWindow	4	static
../Src/main.c:146:6:ExecuteCommand	24	static
../Src/main.c:219:6:initGPIO	8	static
../Src/main.c:273:5:main	8	static
../Src/main.c:313:6:EXTI9_5_IRQHandler	4	static
../Src/main.c:328:6:EXTI15_10_IRQHandler	8	static
../Src/main.c:342:6:USART1_IRQHandler	16	static
../Src/main.c:358:6:TIM3_IRQHandler	8	static
